// Jest Snapshot v1, https://goo.gl/fbAQLP

exports[`App component renders magnificent monkeys 1`] = `
<div>
  <div>
    <button
      type="button"
    >
      Click Me
    </button>
    <h1>
      Magnificient Monkeys
    </h1>
  </div>
</div>
`;
